CREATE DEFINER=`root`@`localhost` FUNCTION `cursor_contar`() 
RETURNS int(11)
BEGIN
declare conteo int;
declare customer_id text;

#Variable booleana de control

declare fin_cursor int default false;

#Cuando lleguemos al final del cursor se pondra en true



#Variable cursor(select)
declare cursor_clientes cursor for select customerid from customers;

#Manejador(handler) para la variable booleana

declare continue handler for not found set fin_cursor = true;


set conteo=0;


#usar cursor

open cursor_clientes;

#Usamos un ciclo para recorrerlo

ciclo_cursor: loop
	
#equivalente de iterate

fetch cursor_clientes into customer_id;

#Al llegar al final,se produce la excepcion
	
#not found,cambiamos la variable fin_cursor a true
	
if fin_cursor then
	
leave ciclo_cursor;
	
else 
set conteo=conteo+1;

end if;


end loop;

close cursor_clientes;

RETURN conteo;
END

Codigo
MySQL Shell 8.0.12

Copyright (c) 2016, 2018, Oracle and/or its affiliates. All rights reserved.

Oracle is a registered trademark of Oracle Corporation and/or its
affiliates. Other names may be trademarks of their respective
owners.

Type '\help' or '\?' for help; '\quit' to exit.


 MySQL  JS > \sql
Switching to SQL mode... Commands end with ;

 MySQL  SQL > \connect --mysql root@localhost
Creating a Classic session to 'root@localhost'
Please provide the password for 'root@localhost': ****
Save password for 'root@localhost:3306'? [Y]es/[N]o/Ne[v]er (default No): y
Fetching schema names for autocompletion... Press ^C to stop.
Your MySQL connection id is 1
Server version: 5.5.61 MySQL Community Server (GPL)
No default schema selected; type \use <schema> to set one.

 MySQL  localhost:3306  SQL > show databases;
+--------------------+
| Database           |
+--------------------+
| information_schema |
| mysql              |
| northwind          |
| performance_schema |
| sakila             |
| test               |
| world              |
+--------------------+
7 rows in set (0.0051 sec)

 MySQL  localhost:3306  SQL > create table temp customer(id varchar(5));
ERROR: 1046 (3D000): No database selected

 MySQL  localhost:3306  SQL > use northwind
Default schema set to `northwind`.
Fetching table and column names from `northwind` for auto-completion... Press ^C to stop.

 MySQL  localhost:3306  northwind  SQL > create table temp customer(id varchar(5));
ERROR: 1064 (42000): You have an error in your SQL syntax; check the manual that corresponds to your MySQL server version for the right syntax to use near 'customer(id varchar(5))' at line 1

 MySQL  localhost:3306  northwind  SQL > create table temp_customer(id varchar(5));
Query OK, 0 rows affected (5.6646 sec)

 MySQL  localhost:3306  northwind  SQL > select contar_clientes_cursor();
ERROR: 1305 (42000): FUNCTION northwind.contar_clientes_cursor does not exist

 MySQL  localhost:3306  northwind  SQL >select cursor_contar();
+-------------------+
| cuenta_clientes() |
+-------------------+
|                93 |
+-------------------+





